Analysis & Synthesis report for Processador
Wed Oct 11 20:37:53 2017
Quartus Prime Version 17.0.0 Build 595 04/25/2017 SJ Lite Edition


---------------------
; Table of Contents ;
---------------------
  1. Legal Notice
  2. Analysis & Synthesis Summary
  3. Analysis & Synthesis Settings
  4. Parallel Compilation
  5. Analysis & Synthesis Source Files Read
  6. Analysis & Synthesis Resource Usage Summary
  7. Analysis & Synthesis Resource Utilization by Entity
  8. Registers Removed During Synthesis
  9. Removed Registers Triggering Further Register Optimizations
 10. General Register Statistics
 11. Multiplexer Restructuring Statistics (Restructuring Performed)
 12. Port Connectivity Checks: "ALU:alu"
 13. Post-Synthesis Netlist Statistics for Top Partition
 14. Elapsed Time Per Partition
 15. Analysis & Synthesis Messages
 16. Analysis & Synthesis Suppressed Messages



----------------
; Legal Notice ;
----------------
Copyright (C) 2017  Intel Corporation. All rights reserved.
Your use of Intel Corporation's design tools, logic functions 
and other software and tools, and its AMPP partner logic 
functions, and any output files from any of the foregoing 
(including device programming or simulation files), and any 
associated documentation or information are expressly subject 
to the terms and conditions of the Intel Program License 
Subscription Agreement, the Intel Quartus Prime License Agreement,
the Intel MegaCore Function License Agreement, or other 
applicable license agreement, including, without limitation, 
that your use is for the sole purpose of programming logic 
devices manufactured by Intel and sold by Intel or its 
authorized distributors.  Please refer to the applicable 
agreement for further details.



+----------------------------------------------------------------------------------+
; Analysis & Synthesis Summary                                                     ;
+------------------------------------+---------------------------------------------+
; Analysis & Synthesis Status        ; Successful - Wed Oct 11 20:37:53 2017       ;
; Quartus Prime Version              ; 17.0.0 Build 595 04/25/2017 SJ Lite Edition ;
; Revision Name                      ; Processador                                 ;
; Top-level Entity Name              ; Processador                                 ;
; Family                             ; Cyclone IV E                                ;
; Total logic elements               ; 65                                          ;
;     Total combinational functions  ; 46                                          ;
;     Dedicated logic registers      ; 36                                          ;
; Total registers                    ; 36                                          ;
; Total pins                         ; 79                                          ;
; Total virtual pins                 ; 0                                           ;
; Total memory bits                  ; 0                                           ;
; Embedded Multiplier 9-bit elements ; 0                                           ;
; Total PLLs                         ; 0                                           ;
+------------------------------------+---------------------------------------------+


+----------------------------------------------------------------------------------------------------------------------+
; Analysis & Synthesis Settings                                                                                        ;
+----------------------------------------------------------------------------+--------------------+--------------------+
; Option                                                                     ; Setting            ; Default Value      ;
+----------------------------------------------------------------------------+--------------------+--------------------+
; Device                                                                     ; EP4CE115F29C7      ;                    ;
; Top-level entity name                                                      ; Processador        ; Processador        ;
; Family name                                                                ; Cyclone IV E       ; Cyclone V          ;
; Use smart compilation                                                      ; Off                ; Off                ;
; Enable parallel Assembler and TimeQuest Timing Analyzer during compilation ; On                 ; On                 ;
; Enable compact report table                                                ; Off                ; Off                ;
; Restructure Multiplexers                                                   ; Auto               ; Auto               ;
; Create Debugging Nodes for IP Cores                                        ; Off                ; Off                ;
; Preserve fewer node names                                                  ; On                 ; On                 ;
; OpenCore Plus hardware evaluation                                          ; Enable             ; Enable             ;
; Verilog Version                                                            ; Verilog_2001       ; Verilog_2001       ;
; VHDL Version                                                               ; VHDL_1993          ; VHDL_1993          ;
; State Machine Processing                                                   ; Auto               ; Auto               ;
; Safe State Machine                                                         ; Off                ; Off                ;
; Extract Verilog State Machines                                             ; On                 ; On                 ;
; Extract VHDL State Machines                                                ; On                 ; On                 ;
; Ignore Verilog initial constructs                                          ; Off                ; Off                ;
; Iteration limit for constant Verilog loops                                 ; 5000               ; 5000               ;
; Iteration limit for non-constant Verilog loops                             ; 250                ; 250                ;
; Add Pass-Through Logic to Inferred RAMs                                    ; On                 ; On                 ;
; Infer RAMs from Raw Logic                                                  ; On                 ; On                 ;
; Parallel Synthesis                                                         ; On                 ; On                 ;
; DSP Block Balancing                                                        ; Auto               ; Auto               ;
; NOT Gate Push-Back                                                         ; On                 ; On                 ;
; Power-Up Don't Care                                                        ; On                 ; On                 ;
; Remove Redundant Logic Cells                                               ; Off                ; Off                ;
; Remove Duplicate Registers                                                 ; On                 ; On                 ;
; Ignore CARRY Buffers                                                       ; Off                ; Off                ;
; Ignore CASCADE Buffers                                                     ; Off                ; Off                ;
; Ignore GLOBAL Buffers                                                      ; Off                ; Off                ;
; Ignore ROW GLOBAL Buffers                                                  ; Off                ; Off                ;
; Ignore LCELL Buffers                                                       ; Off                ; Off                ;
; Ignore SOFT Buffers                                                        ; On                 ; On                 ;
; Limit AHDL Integers to 32 Bits                                             ; Off                ; Off                ;
; Optimization Technique                                                     ; Balanced           ; Balanced           ;
; Carry Chain Length                                                         ; 70                 ; 70                 ;
; Auto Carry Chains                                                          ; On                 ; On                 ;
; Auto Open-Drain Pins                                                       ; On                 ; On                 ;
; Perform WYSIWYG Primitive Resynthesis                                      ; Off                ; Off                ;
; Auto ROM Replacement                                                       ; On                 ; On                 ;
; Auto RAM Replacement                                                       ; On                 ; On                 ;
; Auto DSP Block Replacement                                                 ; On                 ; On                 ;
; Auto Shift Register Replacement                                            ; Auto               ; Auto               ;
; Allow Shift Register Merging across Hierarchies                            ; Auto               ; Auto               ;
; Auto Clock Enable Replacement                                              ; On                 ; On                 ;
; Strict RAM Replacement                                                     ; Off                ; Off                ;
; Allow Synchronous Control Signals                                          ; On                 ; On                 ;
; Force Use of Synchronous Clear Signals                                     ; Off                ; Off                ;
; Auto RAM Block Balancing                                                   ; On                 ; On                 ;
; Auto RAM to Logic Cell Conversion                                          ; Off                ; Off                ;
; Auto Resource Sharing                                                      ; Off                ; Off                ;
; Allow Any RAM Size For Recognition                                         ; Off                ; Off                ;
; Allow Any ROM Size For Recognition                                         ; Off                ; Off                ;
; Allow Any Shift Register Size For Recognition                              ; Off                ; Off                ;
; Use LogicLock Constraints during Resource Balancing                        ; On                 ; On                 ;
; Ignore translate_off and synthesis_off directives                          ; Off                ; Off                ;
; Timing-Driven Synthesis                                                    ; On                 ; On                 ;
; Report Parameter Settings                                                  ; On                 ; On                 ;
; Report Source Assignments                                                  ; On                 ; On                 ;
; Report Connectivity Checks                                                 ; On                 ; On                 ;
; Ignore Maximum Fan-Out Assignments                                         ; Off                ; Off                ;
; Synchronization Register Chain Length                                      ; 2                  ; 2                  ;
; PowerPlay Power Optimization During Synthesis                              ; Normal compilation ; Normal compilation ;
; HDL message level                                                          ; Level2             ; Level2             ;
; Suppress Register Optimization Related Messages                            ; Off                ; Off                ;
; Number of Removed Registers Reported in Synthesis Report                   ; 5000               ; 5000               ;
; Number of Swept Nodes Reported in Synthesis Report                         ; 5000               ; 5000               ;
; Number of Inverted Registers Reported in Synthesis Report                  ; 100                ; 100                ;
; Clock MUX Protection                                                       ; On                 ; On                 ;
; Auto Gated Clock Conversion                                                ; Off                ; Off                ;
; Block Design Naming                                                        ; Auto               ; Auto               ;
; SDC constraint protection                                                  ; Off                ; Off                ;
; Synthesis Effort                                                           ; Auto               ; Auto               ;
; Shift Register Replacement - Allow Asynchronous Clear Signal               ; On                 ; On                 ;
; Pre-Mapping Resynthesis Optimization                                       ; Off                ; Off                ;
; Analysis & Synthesis Message Level                                         ; Medium             ; Medium             ;
; Disable Register Merging Across Hierarchies                                ; Auto               ; Auto               ;
; Resource Aware Inference For Block RAM                                     ; On                 ; On                 ;
+----------------------------------------------------------------------------+--------------------+--------------------+


+------------------------------------------+
; Parallel Compilation                     ;
+----------------------------+-------------+
; Processors                 ; Number      ;
+----------------------------+-------------+
; Number detected on machine ; 6           ;
; Maximum allowed            ; 6           ;
;                            ;             ;
; Average used               ; 1.00        ;
; Maximum used               ; 6           ;
;                            ;             ;
; Usage by Processor         ; % Time Used ;
;     Processor 1            ; 100.0%      ;
;     Processor 2            ;   0.0%      ;
;     Processors 3-6         ;   0.0%      ;
+----------------------------+-------------+


+-------------------------------------------------------------------------------------------------------------------------------------------------------+
; Analysis & Synthesis Source Files Read                                                                                                                ;
+----------------------------------+-----------------+------------------------+---------------------------------------------------------------+---------+
; File Name with User-Entered Path ; Used in Netlist ; File Type              ; File Name with Absolute Path                                  ; Library ;
+----------------------------------+-----------------+------------------------+---------------------------------------------------------------+---------+
; Processador.v                    ; yes             ; User Verilog HDL File  ; /home/renato/Dev/TP-OC2/projeto_quartus/Processador.v         ;         ;
; Banco_registradores.v            ; yes             ; User Verilog HDL File  ; /home/renato/Dev/TP-OC2/projeto_quartus/Banco_registradores.v ;         ;
; ALU.v                            ; yes             ; User Verilog HDL File  ; /home/renato/Dev/TP-OC2/projeto_quartus/ALU.v                 ;         ;
; conversor7segmentos.v            ; yes             ; User Verilog HDL File  ; /home/renato/Dev/TP-OC2/projeto_quartus/conversor7segmentos.v ;         ;
+----------------------------------+-----------------+------------------------+---------------------------------------------------------------+---------+


+--------------------------------------------------------------+
; Analysis & Synthesis Resource Usage Summary                  ;
+---------------------------------------------+----------------+
; Resource                                    ; Usage          ;
+---------------------------------------------+----------------+
; Estimated Total logic elements              ; 65             ;
;                                             ;                ;
; Total combinational functions               ; 46             ;
; Logic element usage by number of LUT inputs ;                ;
;     -- 4 input functions                    ; 22             ;
;     -- 3 input functions                    ; 15             ;
;     -- <=2 input functions                  ; 9              ;
;                                             ;                ;
; Logic elements by mode                      ;                ;
;     -- normal mode                          ; 40             ;
;     -- arithmetic mode                      ; 6              ;
;                                             ;                ;
; Total registers                             ; 36             ;
;     -- Dedicated logic registers            ; 36             ;
;     -- I/O registers                        ; 0              ;
;                                             ;                ;
; I/O pins                                    ; 79             ;
;                                             ;                ;
; Embedded Multiplier 9-bit elements          ; 0              ;
;                                             ;                ;
; Maximum fan-out node                        ; CLOCK_50~input ;
; Maximum fan-out                             ; 36             ;
; Total fan-out                               ; 334            ;
; Average fan-out                             ; 1.39           ;
+---------------------------------------------+----------------+


+---------------------------------------------------------------------------------------------------------------------------------------------------------------------------------------------------------------------------------------------------+
; Analysis & Synthesis Resource Utilization by Entity                                                                                                                                                                                               ;
+-------------------------------------+---------------------+---------------------------+-------------+--------------+---------+-----------+------+--------------+---------------------------------------------+---------------------+--------------+
; Compilation Hierarchy Node          ; Combinational ALUTs ; Dedicated Logic Registers ; Memory Bits ; DSP Elements ; DSP 9x9 ; DSP 18x18 ; Pins ; Virtual Pins ; Full Hierarchy Name                         ; Entity Name         ; Library Name ;
+-------------------------------------+---------------------+---------------------------+-------------+--------------+---------+-----------+------+--------------+---------------------------------------------+---------------------+--------------+
; |Processador                        ; 46 (2)              ; 36 (8)                    ; 0           ; 0            ; 0       ; 0         ; 79   ; 0            ; |Processador                                ; Processador         ; work         ;
;    |ALU:alu|                        ; 33 (33)             ; 6 (6)                     ; 0           ; 0            ; 0       ; 0         ; 0    ; 0            ; |Processador|ALU:alu                        ; ALU                 ; work         ;
;    |conversor7segmentos:conversor0| ; 7 (7)               ; 7 (7)                     ; 0           ; 0            ; 0       ; 0         ; 0    ; 0            ; |Processador|conversor7segmentos:conversor0 ; conversor7segmentos ; work         ;
;    |conversor7segmentos:conversor1| ; 2 (2)               ; 7 (7)                     ; 0           ; 0            ; 0       ; 0         ; 0    ; 0            ; |Processador|conversor7segmentos:conversor1 ; conversor7segmentos ; work         ;
;    |conversor7segmentos:conversor2| ; 1 (1)               ; 4 (4)                     ; 0           ; 0            ; 0       ; 0         ; 0    ; 0            ; |Processador|conversor7segmentos:conversor2 ; conversor7segmentos ; work         ;
;    |conversor7segmentos:conversor3| ; 1 (1)               ; 4 (4)                     ; 0           ; 0            ; 0       ; 0         ; 0    ; 0            ; |Processador|conversor7segmentos:conversor3 ; conversor7segmentos ; work         ;
+-------------------------------------+---------------------+---------------------------+-------------+--------------+---------+-----------+------+--------------+---------------------------------------------+---------------------+--------------+
Note: For table entries with two numbers listed, the numbers in parentheses indicate the number of resources of the given type used by the specific entity alone. The numbers listed outside of parentheses indicate the total resources of the given type used by the specific entity and all of its sub-entities in the hierarchy.


+--------------------------------------------------------------------------------------+
; Registers Removed During Synthesis                                                   ;
+---------------------------------------------+----------------------------------------+
; Register name                               ; Reason for Removal                     ;
+---------------------------------------------+----------------------------------------+
; imm[4..9,11..15]                            ; Merged with imm[10]                    ;
; imm[10]                                     ; Stuck at GND due to stuck port data_in ;
; bancoRW                                     ; Stuck at GND due to stuck port data_in ;
; endRegC[4]                                  ; Stuck at GND due to stuck port data_in ;
; endRegA[4]                                  ; Stuck at GND due to stuck port data_in ;
; endRegC[0..3]                               ; Lost fanout                            ;
; dadoBanco[0..15]                            ; Lost fanout                            ;
; Banco_registradores:banco|registradores~0   ; Stuck at GND due to stuck port data_in ;
; Banco_registradores:banco|registradores~16  ; Stuck at GND due to stuck port data_in ;
; Banco_registradores:banco|registradores~32  ; Stuck at GND due to stuck port data_in ;
; Banco_registradores:banco|registradores~48  ; Stuck at GND due to stuck port data_in ;
; Banco_registradores:banco|registradores~64  ; Stuck at GND due to stuck port data_in ;
; Banco_registradores:banco|registradores~80  ; Stuck at GND due to stuck port data_in ;
; Banco_registradores:banco|registradores~96  ; Stuck at GND due to stuck port data_in ;
; Banco_registradores:banco|registradores~112 ; Stuck at GND due to stuck port data_in ;
; Banco_registradores:banco|registradores~128 ; Stuck at GND due to stuck port data_in ;
; Banco_registradores:banco|registradores~144 ; Stuck at GND due to stuck port data_in ;
; Banco_registradores:banco|registradores~160 ; Stuck at GND due to stuck port data_in ;
; Banco_registradores:banco|registradores~176 ; Stuck at GND due to stuck port data_in ;
; Banco_registradores:banco|registradores~192 ; Stuck at GND due to stuck port data_in ;
; Banco_registradores:banco|registradores~208 ; Stuck at GND due to stuck port data_in ;
; Banco_registradores:banco|registradores~224 ; Stuck at GND due to stuck port data_in ;
; Banco_registradores:banco|registradores~240 ; Stuck at GND due to stuck port data_in ;
; Banco_registradores:banco|registradores~256 ; Stuck at GND due to stuck port data_in ;
; Banco_registradores:banco|registradores~272 ; Stuck at GND due to stuck port data_in ;
; Banco_registradores:banco|registradores~288 ; Stuck at GND due to stuck port data_in ;
; Banco_registradores:banco|registradores~304 ; Stuck at GND due to stuck port data_in ;
; Banco_registradores:banco|registradores~320 ; Stuck at GND due to stuck port data_in ;
; Banco_registradores:banco|registradores~336 ; Stuck at GND due to stuck port data_in ;
; Banco_registradores:banco|registradores~352 ; Stuck at GND due to stuck port data_in ;
; Banco_registradores:banco|registradores~368 ; Stuck at GND due to stuck port data_in ;
; Banco_registradores:banco|registradores~384 ; Stuck at GND due to stuck port data_in ;
; Banco_registradores:banco|registradores~400 ; Stuck at GND due to stuck port data_in ;
; Banco_registradores:banco|registradores~416 ; Stuck at GND due to stuck port data_in ;
; Banco_registradores:banco|registradores~432 ; Stuck at GND due to stuck port data_in ;
; Banco_registradores:banco|registradores~448 ; Stuck at GND due to stuck port data_in ;
; Banco_registradores:banco|registradores~464 ; Stuck at GND due to stuck port data_in ;
; Banco_registradores:banco|registradores~480 ; Stuck at GND due to stuck port data_in ;
; Banco_registradores:banco|registradores~496 ; Stuck at GND due to stuck port data_in ;
; Banco_registradores:banco|registradores~1   ; Stuck at GND due to stuck port data_in ;
; Banco_registradores:banco|registradores~17  ; Stuck at GND due to stuck port data_in ;
; Banco_registradores:banco|registradores~33  ; Stuck at GND due to stuck port data_in ;
; Banco_registradores:banco|registradores~49  ; Stuck at GND due to stuck port data_in ;
; Banco_registradores:banco|registradores~65  ; Stuck at GND due to stuck port data_in ;
; Banco_registradores:banco|registradores~81  ; Stuck at GND due to stuck port data_in ;
; Banco_registradores:banco|registradores~97  ; Stuck at GND due to stuck port data_in ;
; Banco_registradores:banco|registradores~113 ; Stuck at GND due to stuck port data_in ;
; Banco_registradores:banco|registradores~129 ; Stuck at GND due to stuck port data_in ;
; Banco_registradores:banco|registradores~145 ; Stuck at GND due to stuck port data_in ;
; Banco_registradores:banco|registradores~161 ; Stuck at GND due to stuck port data_in ;
; Banco_registradores:banco|registradores~177 ; Stuck at GND due to stuck port data_in ;
; Banco_registradores:banco|registradores~193 ; Stuck at GND due to stuck port data_in ;
; Banco_registradores:banco|registradores~209 ; Stuck at GND due to stuck port data_in ;
; Banco_registradores:banco|registradores~225 ; Stuck at GND due to stuck port data_in ;
; Banco_registradores:banco|registradores~241 ; Stuck at GND due to stuck port data_in ;
; Banco_registradores:banco|registradores~257 ; Stuck at GND due to stuck port data_in ;
; Banco_registradores:banco|registradores~273 ; Stuck at GND due to stuck port data_in ;
; Banco_registradores:banco|registradores~289 ; Stuck at GND due to stuck port data_in ;
; Banco_registradores:banco|registradores~305 ; Stuck at GND due to stuck port data_in ;
; Banco_registradores:banco|registradores~321 ; Stuck at GND due to stuck port data_in ;
; Banco_registradores:banco|registradores~337 ; Stuck at GND due to stuck port data_in ;
; Banco_registradores:banco|registradores~353 ; Stuck at GND due to stuck port data_in ;
; Banco_registradores:banco|registradores~369 ; Stuck at GND due to stuck port data_in ;
; Banco_registradores:banco|registradores~385 ; Stuck at GND due to stuck port data_in ;
; Banco_registradores:banco|registradores~401 ; Stuck at GND due to stuck port data_in ;
; Banco_registradores:banco|registradores~417 ; Stuck at GND due to stuck port data_in ;
; Banco_registradores:banco|registradores~433 ; Stuck at GND due to stuck port data_in ;
; Banco_registradores:banco|registradores~449 ; Stuck at GND due to stuck port data_in ;
; Banco_registradores:banco|registradores~465 ; Stuck at GND due to stuck port data_in ;
; Banco_registradores:banco|registradores~481 ; Stuck at GND due to stuck port data_in ;
; Banco_registradores:banco|registradores~497 ; Stuck at GND due to stuck port data_in ;
; Banco_registradores:banco|registradores~2   ; Stuck at GND due to stuck port data_in ;
; Banco_registradores:banco|registradores~18  ; Stuck at GND due to stuck port data_in ;
; Banco_registradores:banco|registradores~34  ; Stuck at GND due to stuck port data_in ;
; Banco_registradores:banco|registradores~50  ; Stuck at GND due to stuck port data_in ;
; Banco_registradores:banco|registradores~66  ; Stuck at GND due to stuck port data_in ;
; Banco_registradores:banco|registradores~82  ; Stuck at GND due to stuck port data_in ;
; Banco_registradores:banco|registradores~98  ; Stuck at GND due to stuck port data_in ;
; Banco_registradores:banco|registradores~114 ; Stuck at GND due to stuck port data_in ;
; Banco_registradores:banco|registradores~130 ; Stuck at GND due to stuck port data_in ;
; Banco_registradores:banco|registradores~146 ; Stuck at GND due to stuck port data_in ;
; Banco_registradores:banco|registradores~162 ; Stuck at GND due to stuck port data_in ;
; Banco_registradores:banco|registradores~178 ; Stuck at GND due to stuck port data_in ;
; Banco_registradores:banco|registradores~194 ; Stuck at GND due to stuck port data_in ;
; Banco_registradores:banco|registradores~210 ; Stuck at GND due to stuck port data_in ;
; Banco_registradores:banco|registradores~226 ; Stuck at GND due to stuck port data_in ;
; Banco_registradores:banco|registradores~242 ; Stuck at GND due to stuck port data_in ;
; Banco_registradores:banco|registradores~258 ; Stuck at GND due to stuck port data_in ;
; Banco_registradores:banco|registradores~274 ; Stuck at GND due to stuck port data_in ;
; Banco_registradores:banco|registradores~290 ; Stuck at GND due to stuck port data_in ;
; Banco_registradores:banco|registradores~306 ; Stuck at GND due to stuck port data_in ;
; Banco_registradores:banco|registradores~322 ; Stuck at GND due to stuck port data_in ;
; Banco_registradores:banco|registradores~338 ; Stuck at GND due to stuck port data_in ;
; Banco_registradores:banco|registradores~354 ; Stuck at GND due to stuck port data_in ;
; Banco_registradores:banco|registradores~370 ; Stuck at GND due to stuck port data_in ;
; Banco_registradores:banco|registradores~386 ; Stuck at GND due to stuck port data_in ;
; Banco_registradores:banco|registradores~402 ; Stuck at GND due to stuck port data_in ;
; Banco_registradores:banco|registradores~418 ; Stuck at GND due to stuck port data_in ;
; Banco_registradores:banco|registradores~434 ; Stuck at GND due to stuck port data_in ;
; Banco_registradores:banco|registradores~450 ; Stuck at GND due to stuck port data_in ;
; Banco_registradores:banco|registradores~466 ; Stuck at GND due to stuck port data_in ;
; Banco_registradores:banco|registradores~482 ; Stuck at GND due to stuck port data_in ;
; Banco_registradores:banco|registradores~498 ; Stuck at GND due to stuck port data_in ;
; Banco_registradores:banco|registradores~3   ; Stuck at GND due to stuck port data_in ;
; Banco_registradores:banco|registradores~19  ; Stuck at GND due to stuck port data_in ;
; Banco_registradores:banco|registradores~35  ; Stuck at GND due to stuck port data_in ;
; Banco_registradores:banco|registradores~51  ; Stuck at GND due to stuck port data_in ;
; Banco_registradores:banco|registradores~67  ; Stuck at GND due to stuck port data_in ;
; Banco_registradores:banco|registradores~83  ; Stuck at GND due to stuck port data_in ;
; Banco_registradores:banco|registradores~99  ; Stuck at GND due to stuck port data_in ;
; Banco_registradores:banco|registradores~115 ; Stuck at GND due to stuck port data_in ;
; Banco_registradores:banco|registradores~131 ; Stuck at GND due to stuck port data_in ;
; Banco_registradores:banco|registradores~147 ; Stuck at GND due to stuck port data_in ;
; Banco_registradores:banco|registradores~163 ; Stuck at GND due to stuck port data_in ;
; Banco_registradores:banco|registradores~179 ; Stuck at GND due to stuck port data_in ;
; Banco_registradores:banco|registradores~195 ; Stuck at GND due to stuck port data_in ;
; Banco_registradores:banco|registradores~211 ; Stuck at GND due to stuck port data_in ;
; Banco_registradores:banco|registradores~227 ; Stuck at GND due to stuck port data_in ;
; Banco_registradores:banco|registradores~243 ; Stuck at GND due to stuck port data_in ;
; Banco_registradores:banco|registradores~259 ; Stuck at GND due to stuck port data_in ;
; Banco_registradores:banco|registradores~275 ; Stuck at GND due to stuck port data_in ;
; Banco_registradores:banco|registradores~291 ; Stuck at GND due to stuck port data_in ;
; Banco_registradores:banco|registradores~307 ; Stuck at GND due to stuck port data_in ;
; Banco_registradores:banco|registradores~323 ; Stuck at GND due to stuck port data_in ;
; Banco_registradores:banco|registradores~339 ; Stuck at GND due to stuck port data_in ;
; Banco_registradores:banco|registradores~355 ; Stuck at GND due to stuck port data_in ;
; Banco_registradores:banco|registradores~371 ; Stuck at GND due to stuck port data_in ;
; Banco_registradores:banco|registradores~387 ; Stuck at GND due to stuck port data_in ;
; Banco_registradores:banco|registradores~403 ; Stuck at GND due to stuck port data_in ;
; Banco_registradores:banco|registradores~419 ; Stuck at GND due to stuck port data_in ;
; Banco_registradores:banco|registradores~435 ; Stuck at GND due to stuck port data_in ;
; Banco_registradores:banco|registradores~451 ; Stuck at GND due to stuck port data_in ;
; Banco_registradores:banco|registradores~467 ; Stuck at GND due to stuck port data_in ;
; Banco_registradores:banco|registradores~483 ; Stuck at GND due to stuck port data_in ;
; Banco_registradores:banco|registradores~499 ; Stuck at GND due to stuck port data_in ;
; Banco_registradores:banco|registradores~4   ; Stuck at GND due to stuck port data_in ;
; Banco_registradores:banco|registradores~20  ; Stuck at GND due to stuck port data_in ;
; Banco_registradores:banco|registradores~36  ; Stuck at GND due to stuck port data_in ;
; Banco_registradores:banco|registradores~52  ; Stuck at GND due to stuck port data_in ;
; Banco_registradores:banco|registradores~68  ; Stuck at GND due to stuck port data_in ;
; Banco_registradores:banco|registradores~84  ; Stuck at GND due to stuck port data_in ;
; Banco_registradores:banco|registradores~100 ; Stuck at GND due to stuck port data_in ;
; Banco_registradores:banco|registradores~116 ; Stuck at GND due to stuck port data_in ;
; Banco_registradores:banco|registradores~132 ; Stuck at GND due to stuck port data_in ;
; Banco_registradores:banco|registradores~148 ; Stuck at GND due to stuck port data_in ;
; Banco_registradores:banco|registradores~164 ; Stuck at GND due to stuck port data_in ;
; Banco_registradores:banco|registradores~180 ; Stuck at GND due to stuck port data_in ;
; Banco_registradores:banco|registradores~196 ; Stuck at GND due to stuck port data_in ;
; Banco_registradores:banco|registradores~212 ; Stuck at GND due to stuck port data_in ;
; Banco_registradores:banco|registradores~228 ; Stuck at GND due to stuck port data_in ;
; Banco_registradores:banco|registradores~244 ; Stuck at GND due to stuck port data_in ;
; Banco_registradores:banco|registradores~260 ; Stuck at GND due to stuck port data_in ;
; Banco_registradores:banco|registradores~276 ; Stuck at GND due to stuck port data_in ;
; Banco_registradores:banco|registradores~292 ; Stuck at GND due to stuck port data_in ;
; Banco_registradores:banco|registradores~308 ; Stuck at GND due to stuck port data_in ;
; Banco_registradores:banco|registradores~324 ; Stuck at GND due to stuck port data_in ;
; Banco_registradores:banco|registradores~340 ; Stuck at GND due to stuck port data_in ;
; Banco_registradores:banco|registradores~356 ; Stuck at GND due to stuck port data_in ;
; Banco_registradores:banco|registradores~372 ; Stuck at GND due to stuck port data_in ;
; Banco_registradores:banco|registradores~388 ; Stuck at GND due to stuck port data_in ;
; Banco_registradores:banco|registradores~404 ; Stuck at GND due to stuck port data_in ;
; Banco_registradores:banco|registradores~420 ; Stuck at GND due to stuck port data_in ;
; Banco_registradores:banco|registradores~436 ; Stuck at GND due to stuck port data_in ;
; Banco_registradores:banco|registradores~452 ; Stuck at GND due to stuck port data_in ;
; Banco_registradores:banco|registradores~468 ; Stuck at GND due to stuck port data_in ;
; Banco_registradores:banco|registradores~484 ; Stuck at GND due to stuck port data_in ;
; Banco_registradores:banco|registradores~500 ; Stuck at GND due to stuck port data_in ;
; Banco_registradores:banco|registradores~5   ; Stuck at GND due to stuck port data_in ;
; Banco_registradores:banco|registradores~21  ; Stuck at GND due to stuck port data_in ;
; Banco_registradores:banco|registradores~37  ; Stuck at GND due to stuck port data_in ;
; Banco_registradores:banco|registradores~53  ; Stuck at GND due to stuck port data_in ;
; Banco_registradores:banco|registradores~69  ; Stuck at GND due to stuck port data_in ;
; Banco_registradores:banco|registradores~85  ; Stuck at GND due to stuck port data_in ;
; Banco_registradores:banco|registradores~101 ; Stuck at GND due to stuck port data_in ;
; Banco_registradores:banco|registradores~117 ; Stuck at GND due to stuck port data_in ;
; Banco_registradores:banco|registradores~133 ; Stuck at GND due to stuck port data_in ;
; Banco_registradores:banco|registradores~149 ; Stuck at GND due to stuck port data_in ;
; Banco_registradores:banco|registradores~165 ; Stuck at GND due to stuck port data_in ;
; Banco_registradores:banco|registradores~181 ; Stuck at GND due to stuck port data_in ;
; Banco_registradores:banco|registradores~197 ; Stuck at GND due to stuck port data_in ;
; Banco_registradores:banco|registradores~213 ; Stuck at GND due to stuck port data_in ;
; Banco_registradores:banco|registradores~229 ; Stuck at GND due to stuck port data_in ;
; Banco_registradores:banco|registradores~245 ; Stuck at GND due to stuck port data_in ;
; Banco_registradores:banco|registradores~261 ; Stuck at GND due to stuck port data_in ;
; Banco_registradores:banco|registradores~277 ; Stuck at GND due to stuck port data_in ;
; Banco_registradores:banco|registradores~293 ; Stuck at GND due to stuck port data_in ;
; Banco_registradores:banco|registradores~309 ; Stuck at GND due to stuck port data_in ;
; Banco_registradores:banco|registradores~325 ; Stuck at GND due to stuck port data_in ;
; Banco_registradores:banco|registradores~341 ; Stuck at GND due to stuck port data_in ;
; Banco_registradores:banco|registradores~357 ; Stuck at GND due to stuck port data_in ;
; Banco_registradores:banco|registradores~373 ; Stuck at GND due to stuck port data_in ;
; Banco_registradores:banco|registradores~389 ; Stuck at GND due to stuck port data_in ;
; Banco_registradores:banco|registradores~405 ; Stuck at GND due to stuck port data_in ;
; Banco_registradores:banco|registradores~421 ; Stuck at GND due to stuck port data_in ;
; Banco_registradores:banco|registradores~437 ; Stuck at GND due to stuck port data_in ;
; Banco_registradores:banco|registradores~453 ; Stuck at GND due to stuck port data_in ;
; Banco_registradores:banco|registradores~469 ; Stuck at GND due to stuck port data_in ;
; Banco_registradores:banco|registradores~485 ; Stuck at GND due to stuck port data_in ;
; Banco_registradores:banco|registradores~501 ; Stuck at GND due to stuck port data_in ;
; Banco_registradores:banco|registradores~6   ; Stuck at GND due to stuck port data_in ;
; Banco_registradores:banco|registradores~22  ; Stuck at GND due to stuck port data_in ;
; Banco_registradores:banco|registradores~38  ; Stuck at GND due to stuck port data_in ;
; Banco_registradores:banco|registradores~54  ; Stuck at GND due to stuck port data_in ;
; Banco_registradores:banco|registradores~70  ; Stuck at GND due to stuck port data_in ;
; Banco_registradores:banco|registradores~86  ; Stuck at GND due to stuck port data_in ;
; Banco_registradores:banco|registradores~102 ; Stuck at GND due to stuck port data_in ;
; Banco_registradores:banco|registradores~118 ; Stuck at GND due to stuck port data_in ;
; Banco_registradores:banco|registradores~134 ; Stuck at GND due to stuck port data_in ;
; Banco_registradores:banco|registradores~150 ; Stuck at GND due to stuck port data_in ;
; Banco_registradores:banco|registradores~166 ; Stuck at GND due to stuck port data_in ;
; Banco_registradores:banco|registradores~182 ; Stuck at GND due to stuck port data_in ;
; Banco_registradores:banco|registradores~198 ; Stuck at GND due to stuck port data_in ;
; Banco_registradores:banco|registradores~214 ; Stuck at GND due to stuck port data_in ;
; Banco_registradores:banco|registradores~230 ; Stuck at GND due to stuck port data_in ;
; Banco_registradores:banco|registradores~246 ; Stuck at GND due to stuck port data_in ;
; Banco_registradores:banco|registradores~262 ; Stuck at GND due to stuck port data_in ;
; Banco_registradores:banco|registradores~278 ; Stuck at GND due to stuck port data_in ;
; Banco_registradores:banco|registradores~294 ; Stuck at GND due to stuck port data_in ;
; Banco_registradores:banco|registradores~310 ; Stuck at GND due to stuck port data_in ;
; Banco_registradores:banco|registradores~326 ; Stuck at GND due to stuck port data_in ;
; Banco_registradores:banco|registradores~342 ; Stuck at GND due to stuck port data_in ;
; Banco_registradores:banco|registradores~358 ; Stuck at GND due to stuck port data_in ;
; Banco_registradores:banco|registradores~374 ; Stuck at GND due to stuck port data_in ;
; Banco_registradores:banco|registradores~390 ; Stuck at GND due to stuck port data_in ;
; Banco_registradores:banco|registradores~406 ; Stuck at GND due to stuck port data_in ;
; Banco_registradores:banco|registradores~422 ; Stuck at GND due to stuck port data_in ;
; Banco_registradores:banco|registradores~438 ; Stuck at GND due to stuck port data_in ;
; Banco_registradores:banco|registradores~454 ; Stuck at GND due to stuck port data_in ;
; Banco_registradores:banco|registradores~470 ; Stuck at GND due to stuck port data_in ;
; Banco_registradores:banco|registradores~486 ; Stuck at GND due to stuck port data_in ;
; Banco_registradores:banco|registradores~502 ; Stuck at GND due to stuck port data_in ;
; Banco_registradores:banco|registradores~7   ; Stuck at GND due to stuck port data_in ;
; Banco_registradores:banco|registradores~23  ; Stuck at GND due to stuck port data_in ;
; Banco_registradores:banco|registradores~39  ; Stuck at GND due to stuck port data_in ;
; Banco_registradores:banco|registradores~55  ; Stuck at GND due to stuck port data_in ;
; Banco_registradores:banco|registradores~71  ; Stuck at GND due to stuck port data_in ;
; Banco_registradores:banco|registradores~87  ; Stuck at GND due to stuck port data_in ;
; Banco_registradores:banco|registradores~103 ; Stuck at GND due to stuck port data_in ;
; Banco_registradores:banco|registradores~119 ; Stuck at GND due to stuck port data_in ;
; Banco_registradores:banco|registradores~135 ; Stuck at GND due to stuck port data_in ;
; Banco_registradores:banco|registradores~151 ; Stuck at GND due to stuck port data_in ;
; Banco_registradores:banco|registradores~167 ; Stuck at GND due to stuck port data_in ;
; Banco_registradores:banco|registradores~183 ; Stuck at GND due to stuck port data_in ;
; Banco_registradores:banco|registradores~199 ; Stuck at GND due to stuck port data_in ;
; Banco_registradores:banco|registradores~215 ; Stuck at GND due to stuck port data_in ;
; Banco_registradores:banco|registradores~231 ; Stuck at GND due to stuck port data_in ;
; Banco_registradores:banco|registradores~247 ; Stuck at GND due to stuck port data_in ;
; Banco_registradores:banco|registradores~263 ; Stuck at GND due to stuck port data_in ;
; Banco_registradores:banco|registradores~279 ; Stuck at GND due to stuck port data_in ;
; Banco_registradores:banco|registradores~295 ; Stuck at GND due to stuck port data_in ;
; Banco_registradores:banco|registradores~311 ; Stuck at GND due to stuck port data_in ;
; Banco_registradores:banco|registradores~327 ; Stuck at GND due to stuck port data_in ;
; Banco_registradores:banco|registradores~343 ; Stuck at GND due to stuck port data_in ;
; Banco_registradores:banco|registradores~359 ; Stuck at GND due to stuck port data_in ;
; Banco_registradores:banco|registradores~375 ; Stuck at GND due to stuck port data_in ;
; Banco_registradores:banco|registradores~391 ; Stuck at GND due to stuck port data_in ;
; Banco_registradores:banco|registradores~407 ; Stuck at GND due to stuck port data_in ;
; Banco_registradores:banco|registradores~423 ; Stuck at GND due to stuck port data_in ;
; Banco_registradores:banco|registradores~439 ; Stuck at GND due to stuck port data_in ;
; Banco_registradores:banco|registradores~455 ; Stuck at GND due to stuck port data_in ;
; Banco_registradores:banco|registradores~471 ; Stuck at GND due to stuck port data_in ;
; Banco_registradores:banco|registradores~487 ; Stuck at GND due to stuck port data_in ;
; Banco_registradores:banco|registradores~503 ; Stuck at GND due to stuck port data_in ;
; Banco_registradores:banco|registradores~8   ; Stuck at GND due to stuck port data_in ;
; Banco_registradores:banco|registradores~24  ; Stuck at GND due to stuck port data_in ;
; Banco_registradores:banco|registradores~40  ; Stuck at GND due to stuck port data_in ;
; Banco_registradores:banco|registradores~56  ; Stuck at GND due to stuck port data_in ;
; Banco_registradores:banco|registradores~72  ; Stuck at GND due to stuck port data_in ;
; Banco_registradores:banco|registradores~88  ; Stuck at GND due to stuck port data_in ;
; Banco_registradores:banco|registradores~104 ; Stuck at GND due to stuck port data_in ;
; Banco_registradores:banco|registradores~120 ; Stuck at GND due to stuck port data_in ;
; Banco_registradores:banco|registradores~136 ; Stuck at GND due to stuck port data_in ;
; Banco_registradores:banco|registradores~152 ; Stuck at GND due to stuck port data_in ;
; Banco_registradores:banco|registradores~168 ; Stuck at GND due to stuck port data_in ;
; Banco_registradores:banco|registradores~184 ; Stuck at GND due to stuck port data_in ;
; Banco_registradores:banco|registradores~200 ; Stuck at GND due to stuck port data_in ;
; Banco_registradores:banco|registradores~216 ; Stuck at GND due to stuck port data_in ;
; Banco_registradores:banco|registradores~232 ; Stuck at GND due to stuck port data_in ;
; Banco_registradores:banco|registradores~248 ; Stuck at GND due to stuck port data_in ;
; Banco_registradores:banco|registradores~264 ; Stuck at GND due to stuck port data_in ;
; Banco_registradores:banco|registradores~280 ; Stuck at GND due to stuck port data_in ;
; Banco_registradores:banco|registradores~296 ; Stuck at GND due to stuck port data_in ;
; Banco_registradores:banco|registradores~312 ; Stuck at GND due to stuck port data_in ;
; Banco_registradores:banco|registradores~328 ; Stuck at GND due to stuck port data_in ;
; Banco_registradores:banco|registradores~344 ; Stuck at GND due to stuck port data_in ;
; Banco_registradores:banco|registradores~360 ; Stuck at GND due to stuck port data_in ;
; Banco_registradores:banco|registradores~376 ; Stuck at GND due to stuck port data_in ;
; Banco_registradores:banco|registradores~392 ; Stuck at GND due to stuck port data_in ;
; Banco_registradores:banco|registradores~408 ; Stuck at GND due to stuck port data_in ;
; Banco_registradores:banco|registradores~424 ; Stuck at GND due to stuck port data_in ;
; Banco_registradores:banco|registradores~440 ; Stuck at GND due to stuck port data_in ;
; Banco_registradores:banco|registradores~456 ; Stuck at GND due to stuck port data_in ;
; Banco_registradores:banco|registradores~472 ; Stuck at GND due to stuck port data_in ;
; Banco_registradores:banco|registradores~488 ; Stuck at GND due to stuck port data_in ;
; Banco_registradores:banco|registradores~504 ; Stuck at GND due to stuck port data_in ;
; Banco_registradores:banco|registradores~9   ; Stuck at GND due to stuck port data_in ;
; Banco_registradores:banco|registradores~25  ; Stuck at GND due to stuck port data_in ;
; Banco_registradores:banco|registradores~41  ; Stuck at GND due to stuck port data_in ;
; Banco_registradores:banco|registradores~57  ; Stuck at GND due to stuck port data_in ;
; Banco_registradores:banco|registradores~73  ; Stuck at GND due to stuck port data_in ;
; Banco_registradores:banco|registradores~89  ; Stuck at GND due to stuck port data_in ;
; Banco_registradores:banco|registradores~105 ; Stuck at GND due to stuck port data_in ;
; Banco_registradores:banco|registradores~121 ; Stuck at GND due to stuck port data_in ;
; Banco_registradores:banco|registradores~137 ; Stuck at GND due to stuck port data_in ;
; Banco_registradores:banco|registradores~153 ; Stuck at GND due to stuck port data_in ;
; Banco_registradores:banco|registradores~169 ; Stuck at GND due to stuck port data_in ;
; Banco_registradores:banco|registradores~185 ; Stuck at GND due to stuck port data_in ;
; Banco_registradores:banco|registradores~201 ; Stuck at GND due to stuck port data_in ;
; Banco_registradores:banco|registradores~217 ; Stuck at GND due to stuck port data_in ;
; Banco_registradores:banco|registradores~233 ; Stuck at GND due to stuck port data_in ;
; Banco_registradores:banco|registradores~249 ; Stuck at GND due to stuck port data_in ;
; Banco_registradores:banco|registradores~265 ; Stuck at GND due to stuck port data_in ;
; Banco_registradores:banco|registradores~281 ; Stuck at GND due to stuck port data_in ;
; Banco_registradores:banco|registradores~297 ; Stuck at GND due to stuck port data_in ;
; Banco_registradores:banco|registradores~313 ; Stuck at GND due to stuck port data_in ;
; Banco_registradores:banco|registradores~329 ; Stuck at GND due to stuck port data_in ;
; Banco_registradores:banco|registradores~345 ; Stuck at GND due to stuck port data_in ;
; Banco_registradores:banco|registradores~361 ; Stuck at GND due to stuck port data_in ;
; Banco_registradores:banco|registradores~377 ; Stuck at GND due to stuck port data_in ;
; Banco_registradores:banco|registradores~393 ; Stuck at GND due to stuck port data_in ;
; Banco_registradores:banco|registradores~409 ; Stuck at GND due to stuck port data_in ;
; Banco_registradores:banco|registradores~425 ; Stuck at GND due to stuck port data_in ;
; Banco_registradores:banco|registradores~441 ; Stuck at GND due to stuck port data_in ;
; Banco_registradores:banco|registradores~457 ; Stuck at GND due to stuck port data_in ;
; Banco_registradores:banco|registradores~473 ; Stuck at GND due to stuck port data_in ;
; Banco_registradores:banco|registradores~489 ; Stuck at GND due to stuck port data_in ;
; Banco_registradores:banco|registradores~505 ; Stuck at GND due to stuck port data_in ;
; Banco_registradores:banco|registradores~10  ; Stuck at GND due to stuck port data_in ;
; Banco_registradores:banco|registradores~26  ; Stuck at GND due to stuck port data_in ;
; Banco_registradores:banco|registradores~42  ; Stuck at GND due to stuck port data_in ;
; Banco_registradores:banco|registradores~58  ; Stuck at GND due to stuck port data_in ;
; Banco_registradores:banco|registradores~74  ; Stuck at GND due to stuck port data_in ;
; Banco_registradores:banco|registradores~90  ; Stuck at GND due to stuck port data_in ;
; Banco_registradores:banco|registradores~106 ; Stuck at GND due to stuck port data_in ;
; Banco_registradores:banco|registradores~122 ; Stuck at GND due to stuck port data_in ;
; Banco_registradores:banco|registradores~138 ; Stuck at GND due to stuck port data_in ;
; Banco_registradores:banco|registradores~154 ; Stuck at GND due to stuck port data_in ;
; Banco_registradores:banco|registradores~170 ; Stuck at GND due to stuck port data_in ;
; Banco_registradores:banco|registradores~186 ; Stuck at GND due to stuck port data_in ;
; Banco_registradores:banco|registradores~202 ; Stuck at GND due to stuck port data_in ;
; Banco_registradores:banco|registradores~218 ; Stuck at GND due to stuck port data_in ;
; Banco_registradores:banco|registradores~234 ; Stuck at GND due to stuck port data_in ;
; Banco_registradores:banco|registradores~250 ; Stuck at GND due to stuck port data_in ;
; Banco_registradores:banco|registradores~266 ; Stuck at GND due to stuck port data_in ;
; Banco_registradores:banco|registradores~282 ; Stuck at GND due to stuck port data_in ;
; Banco_registradores:banco|registradores~298 ; Stuck at GND due to stuck port data_in ;
; Banco_registradores:banco|registradores~314 ; Stuck at GND due to stuck port data_in ;
; Banco_registradores:banco|registradores~330 ; Stuck at GND due to stuck port data_in ;
; Banco_registradores:banco|registradores~346 ; Stuck at GND due to stuck port data_in ;
; Banco_registradores:banco|registradores~362 ; Stuck at GND due to stuck port data_in ;
; Banco_registradores:banco|registradores~378 ; Stuck at GND due to stuck port data_in ;
; Banco_registradores:banco|registradores~394 ; Stuck at GND due to stuck port data_in ;
; Banco_registradores:banco|registradores~410 ; Stuck at GND due to stuck port data_in ;
; Banco_registradores:banco|registradores~426 ; Stuck at GND due to stuck port data_in ;
; Banco_registradores:banco|registradores~442 ; Stuck at GND due to stuck port data_in ;
; Banco_registradores:banco|registradores~458 ; Stuck at GND due to stuck port data_in ;
; Banco_registradores:banco|registradores~474 ; Stuck at GND due to stuck port data_in ;
; Banco_registradores:banco|registradores~490 ; Stuck at GND due to stuck port data_in ;
; Banco_registradores:banco|registradores~506 ; Stuck at GND due to stuck port data_in ;
; Banco_registradores:banco|registradores~11  ; Stuck at GND due to stuck port data_in ;
; Banco_registradores:banco|registradores~27  ; Stuck at GND due to stuck port data_in ;
; Banco_registradores:banco|registradores~43  ; Stuck at GND due to stuck port data_in ;
; Banco_registradores:banco|registradores~59  ; Stuck at GND due to stuck port data_in ;
; Banco_registradores:banco|registradores~75  ; Stuck at GND due to stuck port data_in ;
; Banco_registradores:banco|registradores~91  ; Stuck at GND due to stuck port data_in ;
; Banco_registradores:banco|registradores~107 ; Stuck at GND due to stuck port data_in ;
; Banco_registradores:banco|registradores~123 ; Stuck at GND due to stuck port data_in ;
; Banco_registradores:banco|registradores~139 ; Stuck at GND due to stuck port data_in ;
; Banco_registradores:banco|registradores~155 ; Stuck at GND due to stuck port data_in ;
; Banco_registradores:banco|registradores~171 ; Stuck at GND due to stuck port data_in ;
; Banco_registradores:banco|registradores~187 ; Stuck at GND due to stuck port data_in ;
; Banco_registradores:banco|registradores~203 ; Stuck at GND due to stuck port data_in ;
; Banco_registradores:banco|registradores~219 ; Stuck at GND due to stuck port data_in ;
; Banco_registradores:banco|registradores~235 ; Stuck at GND due to stuck port data_in ;
; Banco_registradores:banco|registradores~251 ; Stuck at GND due to stuck port data_in ;
; Banco_registradores:banco|registradores~267 ; Stuck at GND due to stuck port data_in ;
; Banco_registradores:banco|registradores~283 ; Stuck at GND due to stuck port data_in ;
; Banco_registradores:banco|registradores~299 ; Stuck at GND due to stuck port data_in ;
; Banco_registradores:banco|registradores~315 ; Stuck at GND due to stuck port data_in ;
; Banco_registradores:banco|registradores~331 ; Stuck at GND due to stuck port data_in ;
; Banco_registradores:banco|registradores~347 ; Stuck at GND due to stuck port data_in ;
; Banco_registradores:banco|registradores~363 ; Stuck at GND due to stuck port data_in ;
; Banco_registradores:banco|registradores~379 ; Stuck at GND due to stuck port data_in ;
; Banco_registradores:banco|registradores~395 ; Stuck at GND due to stuck port data_in ;
; Banco_registradores:banco|registradores~411 ; Stuck at GND due to stuck port data_in ;
; Banco_registradores:banco|registradores~427 ; Stuck at GND due to stuck port data_in ;
; Banco_registradores:banco|registradores~443 ; Stuck at GND due to stuck port data_in ;
; Banco_registradores:banco|registradores~459 ; Stuck at GND due to stuck port data_in ;
; Banco_registradores:banco|registradores~475 ; Stuck at GND due to stuck port data_in ;
; Banco_registradores:banco|registradores~491 ; Stuck at GND due to stuck port data_in ;
; Banco_registradores:banco|registradores~507 ; Stuck at GND due to stuck port data_in ;
; Banco_registradores:banco|registradores~12  ; Stuck at GND due to stuck port data_in ;
; Banco_registradores:banco|registradores~28  ; Stuck at GND due to stuck port data_in ;
; Banco_registradores:banco|registradores~44  ; Stuck at GND due to stuck port data_in ;
; Banco_registradores:banco|registradores~60  ; Stuck at GND due to stuck port data_in ;
; Banco_registradores:banco|registradores~76  ; Stuck at GND due to stuck port data_in ;
; Banco_registradores:banco|registradores~92  ; Stuck at GND due to stuck port data_in ;
; Banco_registradores:banco|registradores~108 ; Stuck at GND due to stuck port data_in ;
; Banco_registradores:banco|registradores~124 ; Stuck at GND due to stuck port data_in ;
; Banco_registradores:banco|registradores~140 ; Stuck at GND due to stuck port data_in ;
; Banco_registradores:banco|registradores~156 ; Stuck at GND due to stuck port data_in ;
; Banco_registradores:banco|registradores~172 ; Stuck at GND due to stuck port data_in ;
; Banco_registradores:banco|registradores~188 ; Stuck at GND due to stuck port data_in ;
; Banco_registradores:banco|registradores~204 ; Stuck at GND due to stuck port data_in ;
; Banco_registradores:banco|registradores~220 ; Stuck at GND due to stuck port data_in ;
; Banco_registradores:banco|registradores~236 ; Stuck at GND due to stuck port data_in ;
; Banco_registradores:banco|registradores~252 ; Stuck at GND due to stuck port data_in ;
; Banco_registradores:banco|registradores~268 ; Stuck at GND due to stuck port data_in ;
; Banco_registradores:banco|registradores~284 ; Stuck at GND due to stuck port data_in ;
; Banco_registradores:banco|registradores~300 ; Stuck at GND due to stuck port data_in ;
; Banco_registradores:banco|registradores~316 ; Stuck at GND due to stuck port data_in ;
; Banco_registradores:banco|registradores~332 ; Stuck at GND due to stuck port data_in ;
; Banco_registradores:banco|registradores~348 ; Stuck at GND due to stuck port data_in ;
; Banco_registradores:banco|registradores~364 ; Stuck at GND due to stuck port data_in ;
; Banco_registradores:banco|registradores~380 ; Stuck at GND due to stuck port data_in ;
; Banco_registradores:banco|registradores~396 ; Stuck at GND due to stuck port data_in ;
; Banco_registradores:banco|registradores~412 ; Stuck at GND due to stuck port data_in ;
; Banco_registradores:banco|registradores~428 ; Stuck at GND due to stuck port data_in ;
; Banco_registradores:banco|registradores~444 ; Stuck at GND due to stuck port data_in ;
; Banco_registradores:banco|registradores~460 ; Stuck at GND due to stuck port data_in ;
; Banco_registradores:banco|registradores~476 ; Stuck at GND due to stuck port data_in ;
; Banco_registradores:banco|registradores~492 ; Stuck at GND due to stuck port data_in ;
; Banco_registradores:banco|registradores~508 ; Stuck at GND due to stuck port data_in ;
; Banco_registradores:banco|registradores~13  ; Stuck at GND due to stuck port data_in ;
; Banco_registradores:banco|registradores~29  ; Stuck at GND due to stuck port data_in ;
; Banco_registradores:banco|registradores~45  ; Stuck at GND due to stuck port data_in ;
; Banco_registradores:banco|registradores~61  ; Stuck at GND due to stuck port data_in ;
; Banco_registradores:banco|registradores~77  ; Stuck at GND due to stuck port data_in ;
; Banco_registradores:banco|registradores~93  ; Stuck at GND due to stuck port data_in ;
; Banco_registradores:banco|registradores~109 ; Stuck at GND due to stuck port data_in ;
; Banco_registradores:banco|registradores~125 ; Stuck at GND due to stuck port data_in ;
; Banco_registradores:banco|registradores~141 ; Stuck at GND due to stuck port data_in ;
; Banco_registradores:banco|registradores~157 ; Stuck at GND due to stuck port data_in ;
; Banco_registradores:banco|registradores~173 ; Stuck at GND due to stuck port data_in ;
; Banco_registradores:banco|registradores~189 ; Stuck at GND due to stuck port data_in ;
; Banco_registradores:banco|registradores~205 ; Stuck at GND due to stuck port data_in ;
; Banco_registradores:banco|registradores~221 ; Stuck at GND due to stuck port data_in ;
; Banco_registradores:banco|registradores~237 ; Stuck at GND due to stuck port data_in ;
; Banco_registradores:banco|registradores~253 ; Stuck at GND due to stuck port data_in ;
; Banco_registradores:banco|registradores~269 ; Stuck at GND due to stuck port data_in ;
; Banco_registradores:banco|registradores~285 ; Stuck at GND due to stuck port data_in ;
; Banco_registradores:banco|registradores~301 ; Stuck at GND due to stuck port data_in ;
; Banco_registradores:banco|registradores~317 ; Stuck at GND due to stuck port data_in ;
; Banco_registradores:banco|registradores~333 ; Stuck at GND due to stuck port data_in ;
; Banco_registradores:banco|registradores~349 ; Stuck at GND due to stuck port data_in ;
; Banco_registradores:banco|registradores~365 ; Stuck at GND due to stuck port data_in ;
; Banco_registradores:banco|registradores~381 ; Stuck at GND due to stuck port data_in ;
; Banco_registradores:banco|registradores~397 ; Stuck at GND due to stuck port data_in ;
; Banco_registradores:banco|registradores~413 ; Stuck at GND due to stuck port data_in ;
; Banco_registradores:banco|registradores~429 ; Stuck at GND due to stuck port data_in ;
; Banco_registradores:banco|registradores~445 ; Stuck at GND due to stuck port data_in ;
; Banco_registradores:banco|registradores~461 ; Stuck at GND due to stuck port data_in ;
; Banco_registradores:banco|registradores~477 ; Stuck at GND due to stuck port data_in ;
; Banco_registradores:banco|registradores~493 ; Stuck at GND due to stuck port data_in ;
; Banco_registradores:banco|registradores~509 ; Stuck at GND due to stuck port data_in ;
; Banco_registradores:banco|registradores~14  ; Stuck at GND due to stuck port data_in ;
; Banco_registradores:banco|registradores~30  ; Stuck at GND due to stuck port data_in ;
; Banco_registradores:banco|registradores~46  ; Stuck at GND due to stuck port data_in ;
; Banco_registradores:banco|registradores~62  ; Stuck at GND due to stuck port data_in ;
; Banco_registradores:banco|registradores~78  ; Stuck at GND due to stuck port data_in ;
; Banco_registradores:banco|registradores~94  ; Stuck at GND due to stuck port data_in ;
; Banco_registradores:banco|registradores~110 ; Stuck at GND due to stuck port data_in ;
; Banco_registradores:banco|registradores~126 ; Stuck at GND due to stuck port data_in ;
; Banco_registradores:banco|registradores~142 ; Stuck at GND due to stuck port data_in ;
; Banco_registradores:banco|registradores~158 ; Stuck at GND due to stuck port data_in ;
; Banco_registradores:banco|registradores~174 ; Stuck at GND due to stuck port data_in ;
; Banco_registradores:banco|registradores~190 ; Stuck at GND due to stuck port data_in ;
; Banco_registradores:banco|registradores~206 ; Stuck at GND due to stuck port data_in ;
; Banco_registradores:banco|registradores~222 ; Stuck at GND due to stuck port data_in ;
; Banco_registradores:banco|registradores~238 ; Stuck at GND due to stuck port data_in ;
; Banco_registradores:banco|registradores~254 ; Stuck at GND due to stuck port data_in ;
; Banco_registradores:banco|registradores~270 ; Stuck at GND due to stuck port data_in ;
; Banco_registradores:banco|registradores~286 ; Stuck at GND due to stuck port data_in ;
; Banco_registradores:banco|registradores~302 ; Stuck at GND due to stuck port data_in ;
; Banco_registradores:banco|registradores~318 ; Stuck at GND due to stuck port data_in ;
; Banco_registradores:banco|registradores~334 ; Stuck at GND due to stuck port data_in ;
; Banco_registradores:banco|registradores~350 ; Stuck at GND due to stuck port data_in ;
; Banco_registradores:banco|registradores~366 ; Stuck at GND due to stuck port data_in ;
; Banco_registradores:banco|registradores~382 ; Stuck at GND due to stuck port data_in ;
; Banco_registradores:banco|registradores~398 ; Stuck at GND due to stuck port data_in ;
; Banco_registradores:banco|registradores~414 ; Stuck at GND due to stuck port data_in ;
; Banco_registradores:banco|registradores~430 ; Stuck at GND due to stuck port data_in ;
; Banco_registradores:banco|registradores~446 ; Stuck at GND due to stuck port data_in ;
; Banco_registradores:banco|registradores~462 ; Stuck at GND due to stuck port data_in ;
; Banco_registradores:banco|registradores~478 ; Stuck at GND due to stuck port data_in ;
; Banco_registradores:banco|registradores~494 ; Stuck at GND due to stuck port data_in ;
; Banco_registradores:banco|registradores~510 ; Stuck at GND due to stuck port data_in ;
; Banco_registradores:banco|registradores~15  ; Stuck at GND due to stuck port data_in ;
; Banco_registradores:banco|registradores~31  ; Stuck at GND due to stuck port data_in ;
; Banco_registradores:banco|registradores~47  ; Stuck at GND due to stuck port data_in ;
; Banco_registradores:banco|registradores~63  ; Stuck at GND due to stuck port data_in ;
; Banco_registradores:banco|registradores~79  ; Stuck at GND due to stuck port data_in ;
; Banco_registradores:banco|registradores~95  ; Stuck at GND due to stuck port data_in ;
; Banco_registradores:banco|registradores~111 ; Stuck at GND due to stuck port data_in ;
; Banco_registradores:banco|registradores~127 ; Stuck at GND due to stuck port data_in ;
; Banco_registradores:banco|registradores~143 ; Stuck at GND due to stuck port data_in ;
; Banco_registradores:banco|registradores~159 ; Stuck at GND due to stuck port data_in ;
; Banco_registradores:banco|registradores~175 ; Stuck at GND due to stuck port data_in ;
; Banco_registradores:banco|registradores~191 ; Stuck at GND due to stuck port data_in ;
; Banco_registradores:banco|registradores~207 ; Stuck at GND due to stuck port data_in ;
; Banco_registradores:banco|registradores~223 ; Stuck at GND due to stuck port data_in ;
; Banco_registradores:banco|registradores~239 ; Stuck at GND due to stuck port data_in ;
; Banco_registradores:banco|registradores~255 ; Stuck at GND due to stuck port data_in ;
; Banco_registradores:banco|registradores~271 ; Stuck at GND due to stuck port data_in ;
; Banco_registradores:banco|registradores~287 ; Stuck at GND due to stuck port data_in ;
; Banco_registradores:banco|registradores~303 ; Stuck at GND due to stuck port data_in ;
; Banco_registradores:banco|registradores~319 ; Stuck at GND due to stuck port data_in ;
; Banco_registradores:banco|registradores~335 ; Stuck at GND due to stuck port data_in ;
; Banco_registradores:banco|registradores~351 ; Stuck at GND due to stuck port data_in ;
; Banco_registradores:banco|registradores~367 ; Stuck at GND due to stuck port data_in ;
; Banco_registradores:banco|registradores~383 ; Stuck at GND due to stuck port data_in ;
; Banco_registradores:banco|registradores~399 ; Stuck at GND due to stuck port data_in ;
; Banco_registradores:banco|registradores~415 ; Stuck at GND due to stuck port data_in ;
; Banco_registradores:banco|registradores~431 ; Stuck at GND due to stuck port data_in ;
; Banco_registradores:banco|registradores~447 ; Stuck at GND due to stuck port data_in ;
; Banco_registradores:banco|registradores~463 ; Stuck at GND due to stuck port data_in ;
; Banco_registradores:banco|registradores~479 ; Stuck at GND due to stuck port data_in ;
; Banco_registradores:banco|registradores~495 ; Stuck at GND due to stuck port data_in ;
; Banco_registradores:banco|registradores~511 ; Stuck at GND due to stuck port data_in ;
; endRegB[0..4]                               ; Lost fanout                            ;
; endRegA[0..3]                               ; Lost fanout                            ;
; Banco_registradores:banco|regsaidaB[0..7]   ; Stuck at GND due to stuck port data_in ;
; Banco_registradores:banco|regsaidaA[0..7]   ; Stuck at GND due to stuck port data_in ;
; Banco_registradores:banco|regsaidaB[8..15]  ; Stuck at GND due to stuck port data_in ;
; Banco_registradores:banco|regsaidaA[8..15]  ; Stuck at GND due to stuck port data_in ;
; conversor7segmentos:conversor4|z[0..5]      ; Stuck at GND due to stuck port data_in ;
; conversor7segmentos:conversor4|z[6]         ; Stuck at VCC due to stuck port data_in ;
; conversor7segmentos:conversor5|z[0..5]      ; Stuck at GND due to stuck port data_in ;
; conversor7segmentos:conversor5|z[6]         ; Stuck at VCC due to stuck port data_in ;
; conversor7segmentos:conversor6|z[0..5]      ; Stuck at GND due to stuck port data_in ;
; conversor7segmentos:conversor6|z[6]         ; Stuck at VCC due to stuck port data_in ;
; conversor7segmentos:conversor7|z[0..5]      ; Stuck at GND due to stuck port data_in ;
; conversor7segmentos:conversor7|z[6]         ; Stuck at VCC due to stuck port data_in ;
; ALU:alu|resultado[6..15]                    ; Merged with ALU:alu|resultado[5]       ;
; conversor7segmentos:conversor2|z[0,4,5]     ; Stuck at GND due to stuck port data_in ;
; conversor7segmentos:conversor3|z[0,4,5]     ; Stuck at GND due to stuck port data_in ;
; Total Number of Removed Registers = 632     ;                                        ;
+---------------------------------------------+----------------------------------------+


+-------------------------------------------------------------------------------------------------------------------------------------------------------------------------+
; Removed Registers Triggering Further Register Optimizations                                                                                                             ;
+-------------------------------------------+---------------------------+-------------------------------------------------------------------------------------------------+
; Register name                             ; Reason for Removal        ; Registers Removed due to This Register                                                          ;
+-------------------------------------------+---------------------------+-------------------------------------------------------------------------------------------------+
; bancoRW                                   ; Stuck at GND              ; dadoBanco[0], dadoBanco[1], dadoBanco[2], dadoBanco[3], dadoBanco[4], dadoBanco[5],             ;
;                                           ; due to stuck port data_in ; dadoBanco[6], dadoBanco[7], dadoBanco[8], Banco_registradores:banco|regsaidaB[0],               ;
;                                           ;                           ; Banco_registradores:banco|regsaidaB[1], Banco_registradores:banco|regsaidaB[2],                 ;
;                                           ;                           ; Banco_registradores:banco|regsaidaB[3], Banco_registradores:banco|regsaidaB[4],                 ;
;                                           ;                           ; Banco_registradores:banco|regsaidaB[5], Banco_registradores:banco|regsaidaB[6],                 ;
;                                           ;                           ; Banco_registradores:banco|regsaidaB[7], Banco_registradores:banco|regsaidaA[0],                 ;
;                                           ;                           ; Banco_registradores:banco|regsaidaA[1], Banco_registradores:banco|regsaidaA[2],                 ;
;                                           ;                           ; Banco_registradores:banco|regsaidaA[3], Banco_registradores:banco|regsaidaA[4],                 ;
;                                           ;                           ; Banco_registradores:banco|regsaidaA[5], Banco_registradores:banco|regsaidaA[6],                 ;
;                                           ;                           ; Banco_registradores:banco|regsaidaA[7], Banco_registradores:banco|regsaidaB[8],                 ;
;                                           ;                           ; Banco_registradores:banco|regsaidaB[9], Banco_registradores:banco|regsaidaB[10],                ;
;                                           ;                           ; Banco_registradores:banco|regsaidaB[11], Banco_registradores:banco|regsaidaB[12],               ;
;                                           ;                           ; Banco_registradores:banco|regsaidaB[13], Banco_registradores:banco|regsaidaB[14],               ;
;                                           ;                           ; Banco_registradores:banco|regsaidaB[15], Banco_registradores:banco|regsaidaA[8],                ;
;                                           ;                           ; Banco_registradores:banco|regsaidaA[9], Banco_registradores:banco|regsaidaA[10],                ;
;                                           ;                           ; Banco_registradores:banco|regsaidaA[11], Banco_registradores:banco|regsaidaA[12],               ;
;                                           ;                           ; Banco_registradores:banco|regsaidaA[13], Banco_registradores:banco|regsaidaA[14],               ;
;                                           ;                           ; Banco_registradores:banco|regsaidaA[15], conversor7segmentos:conversor4|z[0],                   ;
;                                           ;                           ; conversor7segmentos:conversor4|z[1], conversor7segmentos:conversor4|z[2],                       ;
;                                           ;                           ; conversor7segmentos:conversor4|z[3], conversor7segmentos:conversor4|z[4],                       ;
;                                           ;                           ; conversor7segmentos:conversor4|z[5], conversor7segmentos:conversor4|z[6],                       ;
;                                           ;                           ; conversor7segmentos:conversor5|z[0], conversor7segmentos:conversor5|z[1],                       ;
;                                           ;                           ; conversor7segmentos:conversor5|z[2], conversor7segmentos:conversor5|z[3],                       ;
;                                           ;                           ; conversor7segmentos:conversor5|z[4], conversor7segmentos:conversor5|z[5],                       ;
;                                           ;                           ; conversor7segmentos:conversor5|z[6], conversor7segmentos:conversor6|z[0],                       ;
;                                           ;                           ; conversor7segmentos:conversor6|z[1], conversor7segmentos:conversor6|z[2],                       ;
;                                           ;                           ; conversor7segmentos:conversor6|z[3], conversor7segmentos:conversor6|z[4],                       ;
;                                           ;                           ; conversor7segmentos:conversor6|z[5], conversor7segmentos:conversor6|z[6],                       ;
;                                           ;                           ; conversor7segmentos:conversor7|z[0], conversor7segmentos:conversor7|z[1],                       ;
;                                           ;                           ; conversor7segmentos:conversor7|z[2], conversor7segmentos:conversor7|z[3],                       ;
;                                           ;                           ; conversor7segmentos:conversor7|z[4], conversor7segmentos:conversor7|z[5],                       ;
;                                           ;                           ; conversor7segmentos:conversor7|z[6]                                                             ;
; Banco_registradores:banco|registradores~0 ; Stuck at GND              ; endRegB[4], endRegB[0], endRegB[1], endRegB[2], endRegB[3], endRegA[0], endRegA[1], endRegA[2], ;
;                                           ; due to stuck port data_in ; endRegA[3]                                                                                      ;
+-------------------------------------------+---------------------------+-------------------------------------------------------------------------------------------------+


+------------------------------------------------------+
; General Register Statistics                          ;
+----------------------------------------------+-------+
; Statistic                                    ; Value ;
+----------------------------------------------+-------+
; Total registers                              ; 36    ;
; Number of registers using Synchronous Clear  ; 0     ;
; Number of registers using Synchronous Load   ; 0     ;
; Number of registers using Asynchronous Clear ; 0     ;
; Number of registers using Asynchronous Load  ; 0     ;
; Number of registers using Clock Enable       ; 13    ;
; Number of registers using Preset             ; 0     ;
+----------------------------------------------+-------+


+--------------------------------------------------------------------------------------------------------------------------------------------------+
; Multiplexer Restructuring Statistics (Restructuring Performed)                                                                                   ;
+--------------------+-----------+---------------+----------------------+------------------------+------------+------------------------------------+
; Multiplexer Inputs ; Bus Width ; Baseline Area ; Area if Restructured ; Saving if Restructured ; Registered ; Example Multiplexer Output         ;
+--------------------+-----------+---------------+----------------------+------------------------+------------+------------------------------------+
; 3:1                ; 4 bits    ; 8 LEs         ; 4 LEs                ; 4 LEs                  ; Yes        ; |Processador|endRegA[3]            ;
; 3:1                ; 4 bits    ; 8 LEs         ; 4 LEs                ; 4 LEs                  ; Yes        ; |Processador|endRegB[3]            ;
; 16:1               ; 3 bits    ; 30 LEs        ; 12 LEs               ; 18 LEs                 ; Yes        ; |Processador|ALU:alu|resultado[3]  ;
; 12:1               ; 12 bits   ; 96 LEs        ; 48 LEs               ; 48 LEs                 ; Yes        ; |Processador|ALU:alu|resultado[11] ;
; 4:1                ; 12 bits   ; 24 LEs        ; 24 LEs               ; 0 LEs                  ; No         ; |Processador|ALU:alu|Add0          ;
; 4:1                ; 4 bits    ; 8 LEs         ; 8 LEs                ; 0 LEs                  ; No         ; |Processador|ALU:alu|Add0          ;
; 4:1                ; 4 bits    ; 8 LEs         ; 4 LEs                ; 4 LEs                  ; No         ; |Processador|ALU:alu|Add0          ;
; 4:1                ; 12 bits   ; 24 LEs        ; 12 LEs               ; 12 LEs                 ; No         ; |Processador|ALU:alu|Add0          ;
+--------------------+-----------+---------------+----------------------+------------------------+------------+------------------------------------+


+-----------------------------------------------------------------------------------------------------------------------------------------------------------------------------------------------------------------+
; Port Connectivity Checks: "ALU:alu"                                                                                                                                                                             ;
+----------+--------+----------+----------------------------------------------------------------------------------------------------------------------------------------------------------------------------------+
; Port     ; Type   ; Severity ; Details                                                                                                                                                                          ;
+----------+--------+----------+----------------------------------------------------------------------------------------------------------------------------------------------------------------------------------+
; codop    ; Input  ; Warning  ; Input port expression (5 bits) is wider than the input port (4 bits) it drives.  The 1 most-significant bit(s) in the expression will be dangling if they have no other fanouts. ;
; neg      ; Output ; Warning  ; Declared by entity but not connected by instance. Logic that only feeds a dangling port will be removed.                                                                         ;
; zero     ; Output ; Warning  ; Declared by entity but not connected by instance. Logic that only feeds a dangling port will be removed.                                                                         ;
; overflow ; Output ; Warning  ; Declared by entity but not connected by instance. Logic that only feeds a dangling port will be removed.                                                                         ;
+----------+--------+----------+----------------------------------------------------------------------------------------------------------------------------------------------------------------------------------+


+-----------------------------------------------------+
; Post-Synthesis Netlist Statistics for Top Partition ;
+-----------------------+-----------------------------+
; Type                  ; Count                       ;
+-----------------------+-----------------------------+
; boundary_port         ; 79                          ;
; cycloneiii_ff         ; 36                          ;
;     ENA               ; 13                          ;
;     plain             ; 23                          ;
; cycloneiii_lcell_comb ; 48                          ;
;     arith             ; 6                           ;
;         3 data inputs ; 6                           ;
;     normal            ; 42                          ;
;         0 data inputs ; 2                           ;
;         1 data inputs ; 3                           ;
;         2 data inputs ; 6                           ;
;         3 data inputs ; 9                           ;
;         4 data inputs ; 22                          ;
;                       ;                             ;
; Max LUT depth         ; 4.20                        ;
; Average LUT depth     ; 1.91                        ;
+-----------------------+-----------------------------+


+-------------------------------+
; Elapsed Time Per Partition    ;
+----------------+--------------+
; Partition Name ; Elapsed Time ;
+----------------+--------------+
; Top            ; 00:00:00     ;
+----------------+--------------+


+-------------------------------+
; Analysis & Synthesis Messages ;
+-------------------------------+
Info: *******************************************************************
Info: Running Quartus Prime Analysis & Synthesis
    Info: Version 17.0.0 Build 595 04/25/2017 SJ Lite Edition
    Info: Processing started: Wed Oct 11 20:37:37 2017
Info: Command: quartus_map --read_settings_files=on --write_settings_files=off Processador -c Processador
Warning (18236): Number of processors has not been specified which may cause overloading on shared machines.  Set the global assignment NUM_PARALLEL_PROCESSORS in your QSF to an appropriate value for best performance.
Info (20030): Parallel compilation is enabled and will use 6 of the 6 processors detected
Info (12021): Found 1 design units, including 1 entities, in source file Processador.v
    Info (12023): Found entity 1: Processador File: /home/renato/Dev/TP-OC2/projeto_quartus/Processador.v Line: 1
Info (12021): Found 1 design units, including 1 entities, in source file Banco_registradores.v
    Info (12023): Found entity 1: Banco_registradores File: /home/renato/Dev/TP-OC2/projeto_quartus/Banco_registradores.v Line: 1
Info (12021): Found 1 design units, including 1 entities, in source file ALU.v
    Info (12023): Found entity 1: ALU File: /home/renato/Dev/TP-OC2/projeto_quartus/ALU.v Line: 1
Info (12021): Found 1 design units, including 1 entities, in source file conversor7segmentos.v
    Info (12023): Found entity 1: conversor7segmentos File: /home/renato/Dev/TP-OC2/projeto_quartus/conversor7segmentos.v Line: 1
Info (12127): Elaborating entity "Processador" for the top level hierarchy
Info (12128): Elaborating entity "Banco_registradores" for hierarchy "Banco_registradores:banco" File: /home/renato/Dev/TP-OC2/projeto_quartus/Processador.v Line: 32
Info (12128): Elaborating entity "ALU" for hierarchy "ALU:alu" File: /home/renato/Dev/TP-OC2/projeto_quartus/Processador.v Line: 46
Warning (10034): Output port "zero" at ALU.v(9) has no driver File: /home/renato/Dev/TP-OC2/projeto_quartus/ALU.v Line: 9
Info (12128): Elaborating entity "conversor7segmentos" for hierarchy "conversor7segmentos:conversor7" File: /home/renato/Dev/TP-OC2/projeto_quartus/Processador.v Line: 53
Info (276014): Found 1 instances of uninferred RAM logic
    Info (276004): RAM logic "Banco_registradores:banco|registradores" is uninferred due to inappropriate RAM size File: /home/renato/Dev/TP-OC2/projeto_quartus/Banco_registradores.v Line: 11
Warning (12241): 1 hierarchies have connectivity warnings - see the Connectivity Checks report folder
Warning (13024): Output pins are stuck at VCC or GND
    Warning (13410): Pin "HEX2[0]" is stuck at GND File: /home/renato/Dev/TP-OC2/projeto_quartus/Processador.v Line: 7
    Warning (13410): Pin "HEX2[4]" is stuck at GND File: /home/renato/Dev/TP-OC2/projeto_quartus/Processador.v Line: 7
    Warning (13410): Pin "HEX2[5]" is stuck at GND File: /home/renato/Dev/TP-OC2/projeto_quartus/Processador.v Line: 7
    Warning (13410): Pin "HEX3[0]" is stuck at GND File: /home/renato/Dev/TP-OC2/projeto_quartus/Processador.v Line: 8
    Warning (13410): Pin "HEX3[4]" is stuck at GND File: /home/renato/Dev/TP-OC2/projeto_quartus/Processador.v Line: 8
    Warning (13410): Pin "HEX3[5]" is stuck at GND File: /home/renato/Dev/TP-OC2/projeto_quartus/Processador.v Line: 8
    Warning (13410): Pin "HEX4[0]" is stuck at GND File: /home/renato/Dev/TP-OC2/projeto_quartus/Processador.v Line: 9
    Warning (13410): Pin "HEX4[1]" is stuck at GND File: /home/renato/Dev/TP-OC2/projeto_quartus/Processador.v Line: 9
    Warning (13410): Pin "HEX4[2]" is stuck at GND File: /home/renato/Dev/TP-OC2/projeto_quartus/Processador.v Line: 9
    Warning (13410): Pin "HEX4[3]" is stuck at GND File: /home/renato/Dev/TP-OC2/projeto_quartus/Processador.v Line: 9
    Warning (13410): Pin "HEX4[4]" is stuck at GND File: /home/renato/Dev/TP-OC2/projeto_quartus/Processador.v Line: 9
    Warning (13410): Pin "HEX4[5]" is stuck at GND File: /home/renato/Dev/TP-OC2/projeto_quartus/Processador.v Line: 9
    Warning (13410): Pin "HEX4[6]" is stuck at VCC File: /home/renato/Dev/TP-OC2/projeto_quartus/Processador.v Line: 9
    Warning (13410): Pin "HEX5[0]" is stuck at GND File: /home/renato/Dev/TP-OC2/projeto_quartus/Processador.v Line: 10
    Warning (13410): Pin "HEX5[1]" is stuck at GND File: /home/renato/Dev/TP-OC2/projeto_quartus/Processador.v Line: 10
    Warning (13410): Pin "HEX5[2]" is stuck at GND File: /home/renato/Dev/TP-OC2/projeto_quartus/Processador.v Line: 10
    Warning (13410): Pin "HEX5[3]" is stuck at GND File: /home/renato/Dev/TP-OC2/projeto_quartus/Processador.v Line: 10
    Warning (13410): Pin "HEX5[4]" is stuck at GND File: /home/renato/Dev/TP-OC2/projeto_quartus/Processador.v Line: 10
    Warning (13410): Pin "HEX5[5]" is stuck at GND File: /home/renato/Dev/TP-OC2/projeto_quartus/Processador.v Line: 10
    Warning (13410): Pin "HEX5[6]" is stuck at VCC File: /home/renato/Dev/TP-OC2/projeto_quartus/Processador.v Line: 10
    Warning (13410): Pin "HEX6[0]" is stuck at GND File: /home/renato/Dev/TP-OC2/projeto_quartus/Processador.v Line: 11
    Warning (13410): Pin "HEX6[1]" is stuck at GND File: /home/renato/Dev/TP-OC2/projeto_quartus/Processador.v Line: 11
    Warning (13410): Pin "HEX6[2]" is stuck at GND File: /home/renato/Dev/TP-OC2/projeto_quartus/Processador.v Line: 11
    Warning (13410): Pin "HEX6[3]" is stuck at GND File: /home/renato/Dev/TP-OC2/projeto_quartus/Processador.v Line: 11
    Warning (13410): Pin "HEX6[4]" is stuck at GND File: /home/renato/Dev/TP-OC2/projeto_quartus/Processador.v Line: 11
    Warning (13410): Pin "HEX6[5]" is stuck at GND File: /home/renato/Dev/TP-OC2/projeto_quartus/Processador.v Line: 11
    Warning (13410): Pin "HEX6[6]" is stuck at VCC File: /home/renato/Dev/TP-OC2/projeto_quartus/Processador.v Line: 11
    Warning (13410): Pin "HEX7[0]" is stuck at GND File: /home/renato/Dev/TP-OC2/projeto_quartus/Processador.v Line: 12
    Warning (13410): Pin "HEX7[1]" is stuck at GND File: /home/renato/Dev/TP-OC2/projeto_quartus/Processador.v Line: 12
    Warning (13410): Pin "HEX7[2]" is stuck at GND File: /home/renato/Dev/TP-OC2/projeto_quartus/Processador.v Line: 12
    Warning (13410): Pin "HEX7[3]" is stuck at GND File: /home/renato/Dev/TP-OC2/projeto_quartus/Processador.v Line: 12
    Warning (13410): Pin "HEX7[4]" is stuck at GND File: /home/renato/Dev/TP-OC2/projeto_quartus/Processador.v Line: 12
    Warning (13410): Pin "HEX7[5]" is stuck at GND File: /home/renato/Dev/TP-OC2/projeto_quartus/Processador.v Line: 12
    Warning (13410): Pin "HEX7[6]" is stuck at VCC File: /home/renato/Dev/TP-OC2/projeto_quartus/Processador.v Line: 12
Info (286030): Timing-Driven Synthesis is running
Info (17049): 29 registers lost all their fanouts during netlist optimizations.
Info (144001): Generated suppressed messages file /home/renato/Dev/TP-OC2/projeto_quartus/output_files/Processador.map.smsg
Info (16010): Generating hard_block partition "hard_block:auto_generated_inst"
    Info (16011): Adding 0 node(s), including 0 DDIO, 0 PLL, 0 transceiver and 0 LCELL
Warning (21074): Design contains 13 input pin(s) that do not drive logic
    Warning (15610): No output dependent on input pin "KEY[0]" File: /home/renato/Dev/TP-OC2/projeto_quartus/Processador.v Line: 3
    Warning (15610): No output dependent on input pin "KEY[1]" File: /home/renato/Dev/TP-OC2/projeto_quartus/Processador.v Line: 3
    Warning (15610): No output dependent on input pin "KEY[2]" File: /home/renato/Dev/TP-OC2/projeto_quartus/Processador.v Line: 3
    Warning (15610): No output dependent on input pin "KEY[3]" File: /home/renato/Dev/TP-OC2/projeto_quartus/Processador.v Line: 3
    Warning (15610): No output dependent on input pin "SW[0]" File: /home/renato/Dev/TP-OC2/projeto_quartus/Processador.v Line: 4
    Warning (15610): No output dependent on input pin "SW[16]" File: /home/renato/Dev/TP-OC2/projeto_quartus/Processador.v Line: 4
    Warning (15610): No output dependent on input pin "SW[1]" File: /home/renato/Dev/TP-OC2/projeto_quartus/Processador.v Line: 4
    Warning (15610): No output dependent on input pin "SW[2]" File: /home/renato/Dev/TP-OC2/projeto_quartus/Processador.v Line: 4
    Warning (15610): No output dependent on input pin "SW[3]" File: /home/renato/Dev/TP-OC2/projeto_quartus/Processador.v Line: 4
    Warning (15610): No output dependent on input pin "SW[8]" File: /home/renato/Dev/TP-OC2/projeto_quartus/Processador.v Line: 4
    Warning (15610): No output dependent on input pin "SW[9]" File: /home/renato/Dev/TP-OC2/projeto_quartus/Processador.v Line: 4
    Warning (15610): No output dependent on input pin "SW[10]" File: /home/renato/Dev/TP-OC2/projeto_quartus/Processador.v Line: 4
    Warning (15610): No output dependent on input pin "SW[11]" File: /home/renato/Dev/TP-OC2/projeto_quartus/Processador.v Line: 4
Info (21057): Implemented 145 device resources after synthesis - the final resource count might be different
    Info (21058): Implemented 23 input pins
    Info (21059): Implemented 56 output pins
    Info (21061): Implemented 66 logic cells
Info: Quartus Prime Analysis & Synthesis was successful. 0 errors, 52 warnings
    Info: Peak virtual memory: 1001 megabytes
    Info: Processing ended: Wed Oct 11 20:37:53 2017
    Info: Elapsed time: 00:00:16
    Info: Total CPU time (on all processors): 00:00:34


+------------------------------------------+
; Analysis & Synthesis Suppressed Messages ;
+------------------------------------------+
The suppressed messages can be found in /home/renato/Dev/TP-OC2/projeto_quartus/output_files/Processador.map.smsg.


